  Determining projects to restore...
  All projects are up-to-date for restore.
  Namager.Tone3000 -> C:\Development\Namager\Namager.Sonulab\.claude\worktrees\modulation-block\src\Namager.Tone3000\bin\Debug\net10.0\Namager.Tone3000.dll
  Sonulab.Distill -> C:\Development\Namager\Namager.Sonulab\.claude\worktrees\modulation-block\src\Sonulab.Distill\bin\Debug\net10.0\Sonulab.Distill.dll
  Sonulab.Core -> C:\Development\Namager\Namager.Sonulab\.claude\worktrees\modulation-block\src\Sonulab.Core\bin\Debug\net10.0\Sonulab.Core.dll
C:\Development\Namager\Namager.Sonulab\.claude\worktrees\modulation-block\src\Namager.App\Views\MainWindow.axaml.cs(147,24): warning CS8602: Dereference of a possibly null reference. [C:\Development\Namager\Namager.Sonulab\.claude\worktrees\modulation-block\src\Namager.App\Namager.App.csproj]
C:\Development\Namager\Namager.Sonulab\.claude\worktrees\modulation-block\src\Namager.App\ViewModels\Tone3000ViewModel.cs(66,69): warning CA1416: This call site is reachable on all platforms. 'T3kModel' is only supported on: 'windows'. (https://learn.microsoft.com/dotnet/fundamentals/code-analysis/quality-rules/ca1416) [C:\Development\Namager\Namager.Sonulab\.claude\worktrees\modulation-block\src\Namager.App\Namager.App.csproj]
C:\Development\Namager\Namager.Sonulab\.claude\worktrees\modulation-block\src\Namager.App\ViewModels\Tone3000ViewModel.cs(43,31): warning CA1416: This call site is reachable on all platforms. 'T3kConfig.DefaultPath' is only supported on: 'windows'. (https://learn.microsoft.com/dotnet/fundamentals/code-analysis/quality-rules/ca1416) [C:\Development\Namager\Namager.Sonulab\.claude\worktrees\modulation-block\src\Namager.App\Namager.App.csproj]
C:\Development\Namager\Namager.Sonulab\.claude\worktrees\modulation-block\src\Namager.App\ViewModels\Tone3000ViewModel.cs(38,25): warning CA1416: This call site is reachable on all platforms. 'IT3kAuth.Username' is only supported on: 'windows'. (https://learn.microsoft.com/dotnet/fundamentals/code-analysis/quality-rules/ca1416) [C:\Development\Namager\Namager.Sonulab\.claude\worktrees\modulation-block\src\Namager.App\Namager.App.csproj]
C:\Development\Namager\Namager.Sonulab\.claude\worktrees\modulation-block\src\Namager.App\ViewModels\Tone3000ViewModel.cs(37,27): warning CA1416: This call site is reachable on all platforms. 'IT3kAuth.IsSignedIn' is only supported on: 'windows'. (https://learn.microsoft.com/dotnet/fundamentals/code-analysis/quality-rules/ca1416) [C:\Development\Namager\Namager.Sonulab\.claude\worktrees\modulation-block\src\Namager.App\Namager.App.csproj]
C:\Development\Namager\Namager.Sonulab\.claude\worktrees\modulation-block\src\Namager.App\ViewModels\Tone3000ViewModel.cs(128,78): warning CA1416: This call site is reachable on all platforms. 'T3kUser.Username' is only supported on: 'windows'. (https://learn.microsoft.com/dotnet/fundamentals/code-analysis/quality-rules/ca1416) [C:\Development\Namager\Namager.Sonulab\.claude\worktrees\modulation-block\src\Namager.App\Namager.App.csproj]
C:\Development\Namager\Namager.Sonulab\.claude\worktrees\modulation-block\src\Namager.App\ViewModels\Tone3000ViewModel.cs(128,54): warning CA1416: This call site is reachable on all platforms. 'IT3kClient.GetUserAsync(CancellationToken)' is only supported on: 'windows'. (https://learn.microsoft.com/dotnet/fundamentals/code-analysis/quality-rules/ca1416) [C:\Development\Namager\Namager.Sonulab\.claude\worktrees\modulation-block\src\Namager.App\Namager.App.csproj]
C:\Development\Namager\Namager.Sonulab\.claude\worktrees\modulation-block\src\Namager.App\ViewModels\Tone3000ViewModel.cs(119,24): warning CA1416: This call site is reachable on all platforms. 'IT3kAuth.Username' is only supported on: 'windows'. (https://learn.microsoft.com/dotnet/fundamentals/code-analysis/quality-rules/ca1416) [C:\Development\Namager\Namager.Sonulab\.claude\worktrees\modulation-block\src\Namager.App\Namager.App.csproj]
C:\Development\Namager\Namager.Sonulab\.claude\worktrees\modulation-block\src\Namager.App\ViewModels\Tone3000ViewModel.cs(118,26): warning CA1416: This call site is reachable on all platforms. 'IT3kAuth.IsSignedIn' is only supported on: 'windows'. (https://learn.microsoft.com/dotnet/fundamentals/code-analysis/quality-rules/ca1416) [C:\Development\Namager\Namager.Sonulab\.claude\worktrees\modulation-block\src\Namager.App\Namager.App.csproj]
C:\Development\Namager\Namager.Sonulab\.claude\worktrees\modulation-block\src\Namager.App\ViewModels\Tone3000ViewModel.cs(117,19): warning CA1416: This call site is reachable on all platforms. 'IT3kAuth.SignInAsync(CancellationToken)' is only supported on: 'windows'. (https://learn.microsoft.com/dotnet/fundamentals/code-analysis/quality-rules/ca1416) [C:\Development\Namager\Namager.Sonulab\.claude\worktrees\modulation-block\src\Namager.App\Namager.App.csproj]
C:\Development\Namager\Namager.Sonulab\.claude\worktrees\modulation-block\src\Namager.App\ViewModels\Tone3000ViewModel.cs(151,26): warning CA1416: This call site is reachable on all platforms. 'T3kModel' is only supported on: 'windows'. (https://learn.microsoft.com/dotnet/fundamentals/code-analysis/quality-rules/ca1416) [C:\Development\Namager\Namager.Sonulab\.claude\worktrees\modulation-block\src\Namager.App\Namager.App.csproj]
C:\Development\Namager\Namager.Sonulab\.claude\worktrees\modulation-block\src\Namager.App\ViewModels\Tone3000ViewModel.cs(149,15): warning CA1416: This call site is reachable on all platforms. 'IT3kAuth.SignOut()' is only supported on: 'windows'. (https://learn.microsoft.com/dotnet/fundamentals/code-analysis/quality-rules/ca1416) [C:\Development\Namager\Namager.Sonulab\.claude\worktrees\modulation-block\src\Namager.App\Namager.App.csproj]
C:\Development\Namager\Namager.Sonulab\.claude\worktrees\modulation-block\src\Namager.App\ViewModels\Tone3000ViewModel.cs(151,9): warning CA1416: This call site is reachable on all platforms. 'T3kTone' is only supported on: 'windows'. (https://learn.microsoft.com/dotnet/fundamentals/code-analysis/quality-rules/ca1416) [C:\Development\Namager\Namager.Sonulab\.claude\worktrees\modulation-block\src\Namager.App\Namager.App.csproj]
C:\Development\Namager\Namager.Sonulab\.claude\worktrees\modulation-block\src\Namager.App\ViewModels\Tone3000ViewModel.cs(65,61): warning CA1416: This call site is reachable on all platforms. 'T3kTone' is only supported on: 'windows'. (https://learn.microsoft.com/dotnet/fundamentals/code-analysis/quality-rules/ca1416) [C:\Development\Namager\Namager.Sonulab\.claude\worktrees\modulation-block\src\Namager.App\Namager.App.csproj]
C:\Development\Namager\Namager.Sonulab\.claude\worktrees\modulation-block\src\Namager.App\ViewModels\Tone3000ViewModel.cs(284,22): warning CA1416: This call site is reachable on all platforms. 'T3kTone.PageUrl' is only supported on: 'windows'. (https://learn.microsoft.com/dotnet/fundamentals/code-analysis/quality-rules/ca1416) [C:\Development\Namager\Namager.Sonulab\.claude\worktrees\modulation-block\src\Namager.App\Namager.App.csproj]
C:\Development\Namager\Namager.Sonulab\.claude\worktrees\modulation-block\src\Namager.App\ViewModels\Tone3000ViewModel.cs(249,11): warning CA1416: This call site is reachable on all platforms. 'T3kException.Kind' is only supported on: 'windows'. (https://learn.microsoft.com/dotnet/fundamentals/code-analysis/quality-rules/ca1416) [C:\Development\Namager\Namager.Sonulab\.claude\worktrees\modulation-block\src\Namager.App\Namager.App.csproj]
C:\Development\Namager\Namager.Sonulab\.claude\worktrees\modulation-block\src\Namager.App\ViewModels\Tone3000ViewModel.cs(249,56): warning CA1416: This call site is reachable on all platforms. 'IT3kAuth.IsSignedIn' is only supported on: 'windows'. (https://learn.microsoft.com/dotnet/fundamentals/code-analysis/quality-rules/ca1416) [C:\Development\Namager\Namager.Sonulab\.claude\worktrees\modulation-block\src\Namager.App\Namager.App.csproj]
C:\Development\Namager\Namager.Sonulab\.claude\worktrees\modulation-block\src\Namager.App\ViewModels\Tone3000ViewModel.cs(255,46): warning CA1416: This call site is reachable on all platforms. 'T3kTone.Id' is only supported on: 'windows'. (https://learn.microsoft.com/dotnet/fundamentals/code-analysis/quality-rules/ca1416) [C:\Development\Namager\Namager.Sonulab\.claude\worktrees\modulation-block\src\Namager.App\Namager.App.csproj]
C:\Development\Namager\Namager.Sonulab\.claude\worktrees\modulation-block\src\Namager.App\ViewModels\Tone3000ViewModel.cs(255,21): warning CA1416: This call site is reachable on all platforms. 'IT3kClient.SetFavoriteAsync(long, bool, CancellationToken)' is only supported on: 'windows'. (https://learn.microsoft.com/dotnet/fundamentals/code-analysis/quality-rules/ca1416) [C:\Development\Namager\Namager.Sonulab\.claude\worktrees\modulation-block\src\Namager.App\Namager.App.csproj]
C:\Development\Namager\Namager.Sonulab\.claude\worktrees\modulation-block\src\Namager.App\ViewModels\Tone3000ViewModel.cs(233,40): warning CA1416: This call site is reachable on all platforms. 'T3kModel' is only supported on: 'windows'. (https://learn.microsoft.com/dotnet/fundamentals/code-analysis/quality-rules/ca1416) [C:\Development\Namager\Namager.Sonulab\.claude\worktrees\modulation-block\src\Namager.App\Namager.App.csproj]
C:\Development\Namager\Namager.Sonulab\.claude\worktrees\modulation-block\src\Namager.App\ViewModels\Tone3000ViewModel.cs(232,43): warning CA1416: This call site is reachable on all platforms. 'T3kModel' is only supported on: 'windows'. (https://learn.microsoft.com/dotnet/fundamentals/code-analysis/quality-rules/ca1416) [C:\Development\Namager\Namager.Sonulab\.claude\worktrees\modulation-block\src\Namager.App\Namager.App.csproj]
C:\Development\Namager\Namager.Sonulab\.claude\worktrees\modulation-block\src\Namager.App\ViewModels\Tone3000ViewModel.cs(222,9): warning CA1416: This call site is reachable on all platforms. 'T3kModel' is only supported on: 'windows'. (https://learn.microsoft.com/dotnet/fundamentals/code-analysis/quality-rules/ca1416) [C:\Development\Namager\Namager.Sonulab\.claude\worktrees\modulation-block\src\Namager.App\Namager.App.csproj]
C:\Development\Namager\Namager.Sonulab\.claude\worktrees\modulation-block\src\Namager.App\ViewModels\Tone3000ViewModel.cs(236,33): warning CA1416: This call site is reachable on all platforms. 'T3kModel' is only supported on: 'windows'. (https://learn.microsoft.com/dotnet/fundamentals/code-analysis/quality-rules/ca1416) [C:\Development\Namager\Namager.Sonulab\.claude\worktrees\modulation-block\src\Namager.App\Namager.App.csproj]
C:\Development\Namager\Namager.Sonulab\.claude\worktrees\modulation-block\src\Namager.App\ViewModels\Tone3000ViewModel.cs(228,55): warning CA1416: This call site is reachable on all platforms. 'T3kTone.Id' is only supported on: 'windows'. (https://learn.microsoft.com/dotnet/fundamentals/code-analysis/quality-rules/ca1416) [C:\Development\Namager\Namager.Sonulab\.claude\worktrees\modulation-block\src\Namager.App\Namager.App.csproj]
C:\Development\Namager\Namager.Sonulab\.claude\worktrees\modulation-block\src\Namager.App\ViewModels\Tone3000ViewModel.cs(228,32): warning CA1416: This call site is reachable on all platforms. 'IT3kClient.GetModelsAsync(long, CancellationToken)' is only supported on: 'windows'. (https://learn.microsoft.com/dotnet/fundamentals/code-analysis/quality-rules/ca1416) [C:\Development\Namager\Namager.Sonulab\.claude\worktrees\modulation-block\src\Namager.App\Namager.App.csproj]
C:\Development\Namager\Namager.Sonulab\.claude\worktrees\modulation-block\src\Namager.App\ViewModels\Tone3000ViewModel.cs(272,61): warning CA1416: This call site is reachable on all platforms. 'T3kTone.Author' is only supported on: 'windows'. (https://learn.microsoft.com/dotnet/fundamentals/code-analysis/quality-rules/ca1416) [C:\Development\Namager\Namager.Sonulab\.claude\worktrees\modulation-block\src\Namager.App\Namager.App.csproj]
C:\Development\Namager\Namager.Sonulab\.claude\worktrees\modulation-block\src\Namager.App\ViewModels\Tone3000ViewModel.cs(275,70): warning CA1416: This call site is reachable on all platforms. 'T3kTone.Id' is only supported on: 'windows'. (https://learn.microsoft.com/dotnet/fundamentals/code-analysis/quality-rules/ca1416) [C:\Development\Namager\Namager.Sonulab\.claude\worktrees\modulation-block\src\Namager.App\Namager.App.csproj]
C:\Development\Namager\Namager.Sonulab\.claude\worktrees\modulation-block\src\Namager.App\ViewModels\Tone3000ViewModel.cs(275,88): warning CA1416: This call site is reachable on all platforms. 'T3kTone.Title' is only supported on: 'windows'. (https://learn.microsoft.com/dotnet/fundamentals/code-analysis/quality-rules/ca1416) [C:\Development\Namager\Namager.Sonulab\.claude\worktrees\modulation-block\src\Namager.App\Namager.App.csproj]
C:\Development\Namager\Namager.Sonulab\.claude\worktrees\modulation-block\src\Namager.App\ViewModels\Tone3000ViewModel.cs(273,32): warning CA1416: This call site is reachable on all platforms. 'T3kTone.PageUrl' is only supported on: 'windows'. (https://learn.microsoft.com/dotnet/fundamentals/code-analysis/quality-rules/ca1416) [C:\Development\Namager\Namager.Sonulab\.claude\worktrees\modulation-block\src\Namager.App\Namager.App.csproj]
C:\Development\Namager\Namager.Sonulab\.claude\worktrees\modulation-block\src\Namager.App\ViewModels\Tone3000ViewModel.cs(267,68): warning CA1416: This call site is reachable on all platforms. 'T3kTone.Format' is only supported on: 'windows'. (https://learn.microsoft.com/dotnet/fundamentals/code-analysis/quality-rules/ca1416) [C:\Development\Namager\Namager.Sonulab\.claude\worktrees\modulation-block\src\Namager.App\Namager.App.csproj]
C:\Development\Namager\Namager.Sonulab\.claude\worktrees\modulation-block\src\Namager.App\ViewModels\Tone3000ViewModel.cs(275,78): warning CA1416: This call site is reachable on all platforms. 'T3kModel.Id' is only supported on: 'windows'. (https://learn.microsoft.com/dotnet/fundamentals/code-analysis/quality-rules/ca1416) [C:\Development\Namager\Namager.Sonulab\.claude\worktrees\modulation-block\src\Namager.App\Namager.App.csproj]
C:\Development\Namager\Namager.Sonulab\.claude\worktrees\modulation-block\src\Namager.App\ViewModels\Tone3000ViewModel.cs(272,48): warning CA1416: This call site is reachable on all platforms. 'T3kTone.Title' is only supported on: 'windows'. (https://learn.microsoft.com/dotnet/fundamentals/code-analysis/quality-rules/ca1416) [C:\Development\Namager\Namager.Sonulab\.claude\worktrees\modulation-block\src\Namager.App\Namager.App.csproj]
C:\Development\Namager\Namager.Sonulab\.claude\worktrees\modulation-block\src\Namager.App\ViewModels\Tone3000ViewModel.cs(270,30): warning CA1416: This call site is reachable on all platforms. 'T3kTone.Format' is only supported on: 'windows'. (https://learn.microsoft.com/dotnet/fundamentals/code-analysis/quality-rules/ca1416) [C:\Development\Namager\Namager.Sonulab\.claude\worktrees\modulation-block\src\Namager.App\Namager.App.csproj]
C:\Development\Namager\Namager.Sonulab\.claude\worktrees\modulation-block\src\Namager.App\ViewModels\Tone3000ViewModel.cs(267,30): warning CA1416: This call site is reachable on all platforms. 'IT3kDownloader.DownloadAsync(T3kModel, string?, CancellationToken)' is only supported on: 'windows'. (https://learn.microsoft.com/dotnet/fundamentals/code-analysis/quality-rules/ca1416) [C:\Development\Namager\Namager.Sonulab\.claude\worktrees\modulation-block\src\Namager.App\Namager.App.csproj]
C:\Development\Namager\Namager.Sonulab\.claude\worktrees\modulation-block\src\Namager.App\ViewModels\Tone3000ViewModel.cs(208,30): warning CA1416: This call site is reachable on all platforms. 'T3kTone' is only supported on: 'windows'. (https://learn.microsoft.com/dotnet/fundamentals/code-analysis/quality-rules/ca1416) [C:\Development\Namager\Namager.Sonulab\.claude\worktrees\modulation-block\src\Namager.App\Namager.App.csproj]
C:\Development\Namager\Namager.Sonulab\.claude\worktrees\modulation-block\src\Namager.App\ViewModels\Tone3000ViewModel.cs(208,30): warning CA1416: This call site is reachable on all platforms. 'T3kPage<T3kTone>.TotalPages' is only supported on: 'windows'. (https://learn.microsoft.com/dotnet/fundamentals/code-analysis/quality-rules/ca1416) [C:\Development\Namager\Namager.Sonulab\.claude\worktrees\modulation-block\src\Namager.App\Namager.App.csproj]
C:\Development\Namager\Namager.Sonulab\.claude\worktrees\modulation-block\src\Namager.App\ViewModels\Tone3000ViewModel.cs(200,28): warning CA1416: This call site is reachable on all platforms. 'IT3kClient.SearchAsync(string?, string?, int, CancellationToken)' is only supported on: 'windows'. (https://learn.microsoft.com/dotnet/fundamentals/code-analysis/quality-rules/ca1416) [C:\Development\Namager\Namager.Sonulab\.claude\worktrees\modulation-block\src\Namager.App\Namager.App.csproj]
C:\Development\Namager\Namager.Sonulab\.claude\worktrees\modulation-block\src\Namager.App\ViewModels\Tone3000ViewModel.cs(198,48): warning CA1416: This call site is reachable on all platforms. 'IT3kClient.FavoritedAsync(int, CancellationToken)' is only supported on: 'windows'. (https://learn.microsoft.com/dotnet/fundamentals/code-analysis/quality-rules/ca1416) [C:\Development\Namager\Namager.Sonulab\.claude\worktrees\modulation-block\src\Namager.App\Namager.App.csproj]
C:\Development\Namager\Namager.Sonulab\.claude\worktrees\modulation-block\src\Namager.App\ViewModels\Tone3000ViewModel.cs(207,46): warning CA1416: This call site is reachable on all platforms. 'T3kTone' is only supported on: 'windows'. (https://learn.microsoft.com/dotnet/fundamentals/code-analysis/quality-rules/ca1416) [C:\Development\Namager\Namager.Sonulab\.claude\worktrees\modulation-block\src\Namager.App\Namager.App.csproj]
C:\Development\Namager\Namager.Sonulab\.claude\worktrees\modulation-block\src\Namager.App\ViewModels\Tone3000ViewModel.cs(191,27): warning CA1416: This call site is reachable on all platforms. 'T3kTone' is only supported on: 'windows'. (https://learn.microsoft.com/dotnet/fundamentals/code-analysis/quality-rules/ca1416) [C:\Development\Namager\Namager.Sonulab\.claude\worktrees\modulation-block\src\Namager.App\Namager.App.csproj]
C:\Development\Namager\Namager.Sonulab\.claude\worktrees\modulation-block\src\Namager.App\ViewModels\Tone3000ViewModel.cs(179,21): warning CA1416: This call site is reachable on all platforms. 'T3kQuery.Kind' is only supported on: 'windows'. (https://learn.microsoft.com/dotnet/fundamentals/code-analysis/quality-rules/ca1416) [C:\Development\Namager\Namager.Sonulab\.claude\worktrees\modulation-block\src\Namager.App\Namager.App.csproj]
C:\Development\Namager\Namager.Sonulab\.claude\worktrees\modulation-block\src\Namager.App\ViewModels\Tone3000ViewModel.cs(169,21): warning CA1416: This call site is reachable on all platforms. 'T3kQuery.Kind' is only supported on: 'windows'. (https://learn.microsoft.com/dotnet/fundamentals/code-analysis/quality-rules/ca1416) [C:\Development\Namager\Namager.Sonulab\.claude\worktrees\modulation-block\src\Namager.App\Namager.App.csproj]
C:\Development\Namager\Namager.Sonulab\.claude\worktrees\modulation-block\src\Namager.App\ViewModels\Tone3000ViewModel.cs(206,17): warning CA1416: This call site is reachable on all platforms. 'T3kTone' is only supported on: 'windows'. (https://learn.microsoft.com/dotnet/fundamentals/code-analysis/quality-rules/ca1416) [C:\Development\Namager\Namager.Sonulab\.claude\worktrees\modulation-block\src\Namager.App\Namager.App.csproj]
C:\Development\Namager\Namager.Sonulab\.claude\worktrees\modulation-block\src\Namager.App\ViewModels\Tone3000ViewModel.cs(199,49): warning CA1416: This call site is reachable on all platforms. 'IT3kClient.DownloadedAsync(int, CancellationToken)' is only supported on: 'windows'. (https://learn.microsoft.com/dotnet/fundamentals/code-analysis/quality-rules/ca1416) [C:\Development\Namager\Namager.Sonulab\.claude\worktrees\modulation-block\src\Namager.App\Namager.App.csproj]
C:\Development\Namager\Namager.Sonulab\.claude\worktrees\modulation-block\src\Namager.App\ViewModels\Tone3000ViewModel.cs(183,51): warning CA1416: This call site is reachable on all platforms. 'T3kException.Kind' is only supported on: 'windows'. (https://learn.microsoft.com/dotnet/fundamentals/code-analysis/quality-rules/ca1416) [C:\Development\Namager\Namager.Sonulab\.claude\worktrees\modulation-block\src\Namager.App\Namager.App.csproj]
C:\Development\Namager\Namager.Sonulab\.claude\worktrees\modulation-block\src\Namager.App\ViewModels\Tone3000ViewModel.cs(214,67): warning CA1416: This call site is reachable on all platforms. 'T3kTone' is only supported on: 'windows'. (https://learn.microsoft.com/dotnet/fundamentals/code-analysis/quality-rules/ca1416) [C:\Development\Namager\Namager.Sonulab\.claude\worktrees\modulation-block\src\Namager.App\Namager.App.csproj]
C:\Development\Namager\Namager.Sonulab\.claude\worktrees\modulation-block\src\Namager.App\ViewModels\Tone3000ViewModel.cs(174,25): warning CA1416: This call site is reachable on all platforms. 'T3kTone' is only supported on: 'windows'. (https://learn.microsoft.com/dotnet/fundamentals/code-analysis/quality-rules/ca1416) [C:\Development\Namager\Namager.Sonulab\.claude\worktrees\modulation-block\src\Namager.App\Namager.App.csproj]
C:\Development\Namager\Namager.Sonulab\.claude\worktrees\modulation-block\src\Namager.App\ViewModels\Tone3000ViewModel.cs(168,30): warning CA1416: This call site is reachable on all platforms. 'T3kSearchQuery.Parse(string?)' is only supported on: 'windows'. (https://learn.microsoft.com/dotnet/fundamentals/code-analysis/quality-rules/ca1416) [C:\Development\Namager\Namager.Sonulab\.claude\worktrees\modulation-block\src\Namager.App\Namager.App.csproj]
C:\Development\Namager\Namager.Sonulab\.claude\worktrees\modulation-block\src\Namager.App\ViewModels\Tone3000ViewModel.cs(187,25): warning CA1416: This call site is reachable on all platforms. 'T3kTone' is only supported on: 'windows'. (https://learn.microsoft.com/dotnet/fundamentals/code-analysis/quality-rules/ca1416) [C:\Development\Namager\Namager.Sonulab\.claude\worktrees\modulation-block\src\Namager.App\Namager.App.csproj]
C:\Development\Namager\Namager.Sonulab\.claude\worktrees\modulation-block\src\Namager.App\ViewModels\Tone3000ViewModel.cs(207,35): warning CA1416: This call site is reachable on all platforms. 'T3kTone' is only supported on: 'windows'. (https://learn.microsoft.com/dotnet/fundamentals/code-analysis/quality-rules/ca1416) [C:\Development\Namager\Namager.Sonulab\.claude\worktrees\modulation-block\src\Namager.App\Namager.App.csproj]
C:\Development\Namager\Namager.Sonulab\.claude\worktrees\modulation-block\src\Namager.App\ViewModels\Tone3000ViewModel.cs(207,35): warning CA1416: This call site is reachable on all platforms. 'T3kPage<T3kTone>.Data' is only supported on: 'windows'. (https://learn.microsoft.com/dotnet/fundamentals/code-analysis/quality-rules/ca1416) [C:\Development\Namager\Namager.Sonulab\.claude\worktrees\modulation-block\src\Namager.App\Namager.App.csproj]
C:\Development\Namager\Namager.Sonulab\.claude\worktrees\modulation-block\src\Namager.App\ViewModels\Tone3000ViewModel.cs(189,80): warning CA1416: This call site is reachable on all platforms. 'T3kQuery.ToneId' is only supported on: 'windows'. (https://learn.microsoft.com/dotnet/fundamentals/code-analysis/quality-rules/ca1416) [C:\Development\Namager\Namager.Sonulab\.claude\worktrees\modulation-block\src\Namager.App\Namager.App.csproj]
C:\Development\Namager\Namager.Sonulab\.claude\worktrees\modulation-block\src\Namager.App\ViewModels\Tone3000ViewModel.cs(182,61): warning CA1416: This call site is reachable on all platforms. 'T3kQuery.ToneId' is only supported on: 'windows'. (https://learn.microsoft.com/dotnet/fundamentals/code-analysis/quality-rules/ca1416) [C:\Development\Namager\Namager.Sonulab\.claude\worktrees\modulation-block\src\Namager.App\Namager.App.csproj]
C:\Development\Namager\Namager.Sonulab\.claude\worktrees\modulation-block\src\Namager.App\ViewModels\Tone3000ViewModel.cs(182,40): warning CA1416: This call site is reachable on all platforms. 'IT3kClient.GetToneAsync(long, CancellationToken)' is only supported on: 'windows'. (https://learn.microsoft.com/dotnet/fundamentals/code-analysis/quality-rules/ca1416) [C:\Development\Namager\Namager.Sonulab\.claude\worktrees\modulation-block\src\Namager.App\Namager.App.csproj]
C:\Development\Namager\Namager.Sonulab\.claude\worktrees\modulation-block\src\Namager.App\ViewModels\MainWindowViewModel.cs(215,25): warning CA1416: This call site is reachable on all platforms. 'T3kConfig.TryLoad(string?)' is only supported on: 'windows'. (https://learn.microsoft.com/dotnet/fundamentals/code-analysis/quality-rules/ca1416) [C:\Development\Namager\Namager.Sonulab\.claude\worktrees\modulation-block\src\Namager.App\Namager.App.csproj]
C:\Development\Namager\Namager.Sonulab\.claude\worktrees\modulation-block\src\Namager.App\ViewModels\MainWindowViewModel.cs(220,17): warning CA1416: This call site is reachable on all platforms. 'T3kDownloader' is only supported on: 'windows'. (https://learn.microsoft.com/dotnet/fundamentals/code-analysis/quality-rules/ca1416) [C:\Development\Namager\Namager.Sonulab\.claude\worktrees\modulation-block\src\Namager.App\Namager.App.csproj]
C:\Development\Namager\Namager.Sonulab\.claude\worktrees\modulation-block\src\Namager.App\ViewModels\MainWindowViewModel.cs(218,67): warning CA1416: This call site is reachable on all platforms. 'T3kTokenStore' is only supported on: 'windows'. (https://learn.microsoft.com/dotnet/fundamentals/code-analysis/quality-rules/ca1416) [C:\Development\Namager\Namager.Sonulab\.claude\worktrees\modulation-block\src\Namager.App\Namager.App.csproj]
C:\Development\Namager\Namager.Sonulab\.claude\worktrees\modulation-block\src\Namager.App\ViewModels\MainWindowViewModel.cs(219,56): warning CA1416: This call site is reachable on all platforms. 'T3kClient' is only supported on: 'windows'. (https://learn.microsoft.com/dotnet/fundamentals/code-analysis/quality-rules/ca1416) [C:\Development\Namager\Namager.Sonulab\.claude\worktrees\modulation-block\src\Namager.App\Namager.App.csproj]
C:\Development\Namager\Namager.Sonulab\.claude\worktrees\modulation-block\src\Namager.App\ViewModels\MainWindowViewModel.cs(218,27): warning CA1416: This call site is reachable on all platforms. 'T3kAuth' is only supported on: 'windows'. (https://learn.microsoft.com/dotnet/fundamentals/code-analysis/quality-rules/ca1416) [C:\Development\Namager\Namager.Sonulab\.claude\worktrees\modulation-block\src\Namager.App\Namager.App.csproj]
C:\Development\Namager\Namager.Sonulab\.claude\worktrees\modulation-block\src\Namager.App\Views/AmpDetailPanel.axaml(51,16,51,16): Avalonia warning AVLN5001: 'TextBox.Watermark' is obsolete: Use PlaceholderText instead. [C:\Development\Namager\Namager.Sonulab\.claude\worktrees\modulation-block\src\Namager.App\Namager.App.csproj]
C:\Development\Namager\Namager.Sonulab\.claude\worktrees\modulation-block\src\Namager.App\Views/AmpDetailPanel.axaml(54,16,54,16): Avalonia warning AVLN5001: 'TextBox.Watermark' is obsolete: Use PlaceholderText instead. [C:\Development\Namager\Namager.Sonulab\.claude\worktrees\modulation-block\src\Namager.App\Namager.App.csproj]
C:\Development\Namager\Namager.Sonulab\.claude\worktrees\modulation-block\src\Namager.App\Views/FeedbackDialog.axaml(18,6,18,6): Avalonia warning AVLN5001: 'TextBox.Watermark' is obsolete: Use PlaceholderText instead. [C:\Development\Namager\Namager.Sonulab\.claude\worktrees\modulation-block\src\Namager.App\Namager.App.csproj]
C:\Development\Namager\Namager.Sonulab\.claude\worktrees\modulation-block\src\Namager.App\Views/FeedbackDialog.axaml(21,6,21,6): Avalonia warning AVLN5001: 'TextBox.Watermark' is obsolete: Use PlaceholderText instead. [C:\Development\Namager\Namager.Sonulab\.claude\worktrees\modulation-block\src\Namager.App\Namager.App.csproj]
C:\Development\Namager\Namager.Sonulab\.claude\worktrees\modulation-block\src\Namager.App\Views/FeedbackDialog.axaml(24,6,24,6): Avalonia warning AVLN5001: 'TextBox.Watermark' is obsolete: Use PlaceholderText instead. [C:\Development\Namager\Namager.Sonulab\.claude\worktrees\modulation-block\src\Namager.App\Namager.App.csproj]
C:\Development\Namager\Namager.Sonulab\.claude\worktrees\modulation-block\src\Namager.App\Views/Tone3000View.axaml(46,12,46,12): Avalonia warning AVLN5001: 'TextBox.Watermark' is obsolete: Use PlaceholderText instead. [C:\Development\Namager\Namager.Sonulab\.claude\worktrees\modulation-block\src\Namager.App\Namager.App.csproj]
  Namager.App -> C:\Development\Namager\Namager.Sonulab\.claude\worktrees\modulation-block\src\Namager.App\bin\Debug\net10.0\Namager.App.dll
C:\Development\Namager\Namager.Sonulab\.claude\worktrees\modulation-block\tests\Namager.App.Tests\ParameterFieldViewModelTests.cs(304,40): error CS1061: 'ParameterFieldViewModel' does not contain a definition for 'Display' and no accessible extension method 'Display' accepting a first argument of type 'ParameterFieldViewModel' could be found (are you missing a using directive or an assembly reference?) [C:\Development\Namager\Namager.Sonulab\.claude\worktrees\modulation-block\tests\Namager.App.Tests\Namager.App.Tests.csproj]
C:\Development\Namager\Namager.Sonulab\.claude\worktrees\modulation-block\tests\Namager.App.Tests\ParameterFieldViewModelTests.cs(312,35): error CS1061: 'ParameterFieldViewModel' does not contain a definition for 'Display' and no accessible extension method 'Display' accepting a first argument of type 'ParameterFieldViewModel' could be found (are you missing a using directive or an assembly reference?) [C:\Development\Namager\Namager.Sonulab\.claude\worktrees\modulation-block\tests\Namager.App.Tests\Namager.App.Tests.csproj]
C:\Development\Namager\Namager.Sonulab\.claude\worktrees\modulation-block\tests\Namager.App.Tests\ParameterFieldViewModelTests.cs(321,38): error CS1061: 'ParameterFieldViewModel' does not contain a definition for 'Display' and no accessible extension method 'Display' accepting a first argument of type 'ParameterFieldViewModel' could be found (are you missing a using directive or an assembly reference?) [C:\Development\Namager\Namager.Sonulab\.claude\worktrees\modulation-block\tests\Namager.App.Tests\Namager.App.Tests.csproj]
C:\Development\Namager\Namager.Sonulab\.claude\worktrees\modulation-block\tests\Namager.App.Tests\ParameterFieldViewModelTests.cs(329,35): error CS1061: 'ParameterFieldViewModel' does not contain a definition for 'Display' and no accessible extension method 'Display' accepting a first argument of type 'ParameterFieldViewModel' could be found (are you missing a using directive or an assembly reference?) [C:\Development\Namager\Namager.Sonulab\.claude\worktrees\modulation-block\tests\Namager.App.Tests\Namager.App.Tests.csproj]
C:\Development\Namager\Namager.Sonulab\.claude\worktrees\modulation-block\tests\Namager.App.Tests\ParameterFieldViewModelTests.cs(338,99): error CS0117: 'ParameterFieldViewModel' does not contain a definition for 'Display' [C:\Development\Namager\Namager.Sonulab\.claude\worktrees\modulation-block\tests\Namager.App.Tests\Namager.App.Tests.csproj]
C:\Development\Namager\Namager.Sonulab\.claude\worktrees\modulation-block\tests\Namager.App.Tests\ParameterFieldViewModelTests.cs(340,35): error CS1061: 'ParameterFieldViewModel' does not contain a definition for 'Display' and no accessible extension method 'Display' accepting a first argument of type 'ParameterFieldViewModel' could be found (are you missing a using directive or an assembly reference?) [C:\Development\Namager\Namager.Sonulab\.claude\worktrees\modulation-block\tests\Namager.App.Tests\Namager.App.Tests.csproj]
C:\Development\Namager\Namager.Sonulab\.claude\worktrees\modulation-block\tests\Namager.App.Tests\ParameterFieldViewModelTests.cs(349,49): error CS1061: 'ParameterFieldViewModel' does not contain a definition for 'Display' and no accessible extension method 'Display' accepting a first argument of type 'ParameterFieldViewModel' could be found (are you missing a using directive or an assembly reference?) [C:\Development\Namager\Namager.Sonulab\.claude\worktrees\modulation-block\tests\Namager.App.Tests\Namager.App.Tests.csproj]
C:\Development\Namager\Namager.Sonulab\.claude\worktrees\modulation-block\tests\Namager.App.Tests\Tone3000ViewModelTests.cs(30,17): warning CA1416: This call site is reachable on all platforms. 'T3kTone' is only supported on: 'windows'. (https://learn.microsoft.com/dotnet/fundamentals/code-analysis/quality-rules/ca1416) [C:\Development\Namager\Namager.Sonulab\.claude\worktrees\modulation-block\tests\Namager.App.Tests\Namager.App.Tests.csproj]
C:\Development\Namager\Namager.Sonulab\.claude\worktrees\modulation-block\tests\Namager.App.Tests\Tone3000ViewModelTests.cs(27,44): warning CA1416: This call site is reachable on all platforms. 'T3kTone' is only supported on: 'windows'. (https://learn.microsoft.com/dotnet/fundamentals/code-analysis/quality-rules/ca1416) [C:\Development\Namager\Namager.Sonulab\.claude\worktrees\modulation-block\tests\Namager.App.Tests\Namager.App.Tests.csproj]
C:\Development\Namager\Namager.Sonulab\.claude\worktrees\modulation-block\tests\Namager.App.Tests\Tone3000ViewModelTests.cs(27,44): warning CA1416: This call site is reachable on all platforms. 'T3kPage<T3kTone>' is only supported on: 'windows'. (https://learn.microsoft.com/dotnet/fundamentals/code-analysis/quality-rules/ca1416) [C:\Development\Namager\Namager.Sonulab\.claude\worktrees\modulation-block\tests\Namager.App.Tests\Namager.App.Tests.csproj]
C:\Development\Namager\Namager.Sonulab\.claude\worktrees\modulation-block\tests\Namager.App.Tests\Tone3000ViewModelTests.cs(32,27): warning CA1416: This call site is reachable on all platforms. 'T3kToneAuthor' is only supported on: 'windows'. (https://learn.microsoft.com/dotnet/fundamentals/code-analysis/quality-rules/ca1416) [C:\Development\Namager\Namager.Sonulab\.claude\worktrees\modulation-block\tests\Namager.App.Tests\Namager.App.Tests.csproj]
C:\Development\Namager\Namager.Sonulab\.claude\worktrees\modulation-block\tests\Namager.App.Tests\Tone3000ViewModelTests.cs(85,21): warning CA1416: This call site is reachable on all platforms. 'T3kTone' is only supported on: 'windows'. (https://learn.microsoft.com/dotnet/fundamentals/code-analysis/quality-rules/ca1416) [C:\Development\Namager\Namager.Sonulab\.claude\worktrees\modulation-block\tests\Namager.App.Tests\Namager.App.Tests.csproj]
C:\Development\Namager\Namager.Sonulab\.claude\worktrees\modulation-block\tests\Namager.App.Tests\Tone3000ViewModelTests.cs(85,84): warning CA1416: This call site is reachable on all platforms. 'T3kToneAuthor' is only supported on: 'windows'. (https://learn.microsoft.com/dotnet/fundamentals/code-analysis/quality-rules/ca1416) [C:\Development\Namager\Namager.Sonulab\.claude\worktrees\modulation-block\tests\Namager.App.Tests\Namager.App.Tests.csproj]
C:\Development\Namager\Namager.Sonulab\.claude\worktrees\modulation-block\tests\Namager.App.Tests\Tone3000ViewModelTests.cs(84,41): warning CA1416: This call site is reachable on all platforms. 'T3kTone' is only supported on: 'windows'. (https://learn.microsoft.com/dotnet/fundamentals/code-analysis/quality-rules/ca1416) [C:\Development\Namager\Namager.Sonulab\.claude\worktrees\modulation-block\tests\Namager.App.Tests\Namager.App.Tests.csproj]
C:\Development\Namager\Namager.Sonulab\.claude\worktrees\modulation-block\tests\Namager.App.Tests\Tone3000ViewModelTests.cs(84,41): warning CA1416: This call site is reachable on all platforms. 'T3kPage<T3kTone>' is only supported on: 'windows'. (https://learn.microsoft.com/dotnet/fundamentals/code-analysis/quality-rules/ca1416) [C:\Development\Namager\Namager.Sonulab\.claude\worktrees\modulation-block\tests\Namager.App.Tests\Namager.App.Tests.csproj]
C:\Development\Namager\Namager.Sonulab\.claude\worktrees\modulation-block\tests\Namager.App.Tests\Tone3000ViewModelTests.cs(151,9): warning CA1416: This call site is reachable on all platforms. 'T3kTone' is only supported on: 'windows'. (https://learn.microsoft.com/dotnet/fundamentals/code-analysis/quality-rules/ca1416) [C:\Development\Namager\Namager.Sonulab\.claude\worktrees\modulation-block\tests\Namager.App.Tests\Namager.App.Tests.csproj]
C:\Development\Namager\Namager.Sonulab\.claude\worktrees\modulation-block\tests\Namager.App.Tests\Tone3000ViewModelTests.cs(184,31): warning CA1416: This call site is reachable on all platforms. 'T3kModel.Name' is only supported on: 'windows'. (https://learn.microsoft.com/dotnet/fundamentals/code-analysis/quality-rules/ca1416) [C:\Development\Namager\Namager.Sonulab\.claude\worktrees\modulation-block\tests\Namager.App.Tests\Namager.App.Tests.csproj]
C:\Development\Namager\Namager.Sonulab\.claude\worktrees\modulation-block\tests\Namager.App.Tests\Tone3000ViewModelTests.cs(183,9): warning CA1416: This call site is reachable on all platforms. 'T3kModel' is only supported on: 'windows'. (https://learn.microsoft.com/dotnet/fundamentals/code-analysis/quality-rules/ca1416) [C:\Development\Namager\Namager.Sonulab\.claude\worktrees\modulation-block\tests\Namager.App.Tests\Namager.App.Tests.csproj]
C:\Development\Namager\Namager.Sonulab\.claude\worktrees\modulation-block\tests\Namager.App.Tests\Tone3000ViewModelTests.cs(184,31): warning CA1416: This call site is reachable on all platforms. 'T3kModel' is only supported on: 'windows'. (https://learn.microsoft.com/dotnet/fundamentals/code-analysis/quality-rules/ca1416) [C:\Development\Namager\Namager.Sonulab\.claude\worktrees\modulation-block\tests\Namager.App.Tests\Namager.App.Tests.csproj]
C:\Development\Namager\Namager.Sonulab\.claude\worktrees\modulation-block\tests\Namager.App.Tests\Tone3000ViewModelTests.cs(181,79): warning CA1416: This call site is reachable on all platforms. 'T3kToneAuthor' is only supported on: 'windows'. (https://learn.microsoft.com/dotnet/fundamentals/code-analysis/quality-rules/ca1416) [C:\Development\Namager\Namager.Sonulab\.claude\worktrees\modulation-block\tests\Namager.App.Tests\Namager.App.Tests.csproj]
C:\Development\Namager\Namager.Sonulab\.claude\worktrees\modulation-block\tests\Namager.App.Tests\Tone3000ViewModelTests.cs(180,23): warning CA1416: This call site is reachable on all platforms. 'T3kTone' is only supported on: 'windows'. (https://learn.microsoft.com/dotnet/fundamentals/code-analysis/quality-rules/ca1416) [C:\Development\Namager\Namager.Sonulab\.claude\worktrees\modulation-block\tests\Namager.App.Tests\Namager.App.Tests.csproj]
C:\Development\Namager\Namager.Sonulab\.claude\worktrees\modulation-block\tests\Namager.App.Tests\MainWindowViewModelTests.cs(90,38): warning xUnit1031: Test methods should not use blocking task operations, as they can cause deadlocks. Use an async test method and await instead. (https://xunit.net/xunit.analyzers/rules/xUnit1031) [C:\Development\Namager\Namager.Sonulab\.claude\worktrees\modulation-block\tests\Namager.App.Tests\Namager.App.Tests.csproj]
C:\Development\Namager\Namager.Sonulab\.claude\worktrees\modulation-block\tests\Namager.App.Tests\Tone3000ViewModelTests.cs(191,56): warning CA1416: This call site is reachable on all platforms. 'T3kModel' is only supported on: 'windows'. (https://learn.microsoft.com/dotnet/fundamentals/code-analysis/quality-rules/ca1416) [C:\Development\Namager\Namager.Sonulab\.claude\worktrees\modulation-block\tests\Namager.App.Tests\Namager.App.Tests.csproj]
C:\Development\Namager\Namager.Sonulab\.claude\worktrees\modulation-block\tests\Namager.App.Tests\Tone3000ViewModelTests.cs(194,79): warning CA1416: This call site is reachable on all platforms. 'T3kToneAuthor' is only supported on: 'windows'. (https://learn.microsoft.com/dotnet/fundamentals/code-analysis/quality-rules/ca1416) [C:\Development\Namager\Namager.Sonulab\.claude\worktrees\modulation-block\tests\Namager.App.Tests\Namager.App.Tests.csproj]
C:\Development\Namager\Namager.Sonulab\.claude\worktrees\modulation-block\tests\Namager.App.Tests\Tone3000ViewModelTests.cs(193,23): warning CA1416: This call site is reachable on all platforms. 'T3kTone' is only supported on: 'windows'. (https://learn.microsoft.com/dotnet/fundamentals/code-analysis/quality-rules/ca1416) [C:\Development\Namager\Namager.Sonulab\.claude\worktrees\modulation-block\tests\Namager.App.Tests\Namager.App.Tests.csproj]
C:\Development\Namager\Namager.Sonulab\.claude\worktrees\modulation-block\tests\Namager.App.Tests\Tone3000ViewModelTests.cs(205,92): warning CA1416: This call site is reachable on all platforms. 'T3kToneAuthor' is only supported on: 'windows'. (https://learn.microsoft.com/dotnet/fundamentals/code-analysis/quality-rules/ca1416) [C:\Development\Namager\Namager.Sonulab\.claude\worktrees\modulation-block\tests\Namager.App.Tests\Namager.App.Tests.csproj]
C:\Development\Namager\Namager.Sonulab\.claude\worktrees\modulation-block\tests\Namager.App.Tests\Tone3000ViewModelTests.cs(203,56): warning CA1416: This call site is reachable on all platforms. 'T3kModel' is only supported on: 'windows'. (https://learn.microsoft.com/dotnet/fundamentals/code-analysis/quality-rules/ca1416) [C:\Development\Namager\Namager.Sonulab\.claude\worktrees\modulation-block\tests\Namager.App.Tests\Namager.App.Tests.csproj]
C:\Development\Namager\Namager.Sonulab\.claude\worktrees\modulation-block\tests\Namager.App.Tests\Tone3000ViewModelTests.cs(210,23): warning CA1416: This call site is reachable on all platforms. 'T3kTone' is only supported on: 'windows'. (https://learn.microsoft.com/dotnet/fundamentals/code-analysis/quality-rules/ca1416) [C:\Development\Namager\Namager.Sonulab\.claude\worktrees\modulation-block\tests\Namager.App.Tests\Namager.App.Tests.csproj]
C:\Development\Namager\Namager.Sonulab\.claude\worktrees\modulation-block\tests\Namager.App.Tests\Tone3000ViewModelTests.cs(210,91): warning CA1416: This call site is reachable on all platforms. 'T3kToneAuthor' is only supported on: 'windows'. (https://learn.microsoft.com/dotnet/fundamentals/code-analysis/quality-rules/ca1416) [C:\Development\Namager\Namager.Sonulab\.claude\worktrees\modulation-block\tests\Namager.App.Tests\Namager.App.Tests.csproj]
C:\Development\Namager\Namager.Sonulab\.claude\worktrees\modulation-block\tests\Namager.App.Tests\Tone3000ViewModelTests.cs(205,23): warning CA1416: This call site is reachable on all platforms. 'T3kTone' is only supported on: 'windows'. (https://learn.microsoft.com/dotnet/fundamentals/code-analysis/quality-rules/ca1416) [C:\Development\Namager\Namager.Sonulab\.claude\worktrees\modulation-block\tests\Namager.App.Tests\Namager.App.Tests.csproj]
C:\Development\Namager\Namager.Sonulab\.claude\worktrees\modulation-block\tests\Namager.App.Tests\MainWindowViewModelTests.cs(121,38): warning xUnit1031: Test methods should not use blocking task operations, as they can cause deadlocks. Use an async test method and await instead. (https://xunit.net/xunit.analyzers/rules/xUnit1031) [C:\Development\Namager\Namager.Sonulab\.claude\worktrees\modulation-block\tests\Namager.App.Tests\Namager.App.Tests.csproj]
C:\Development\Namager\Namager.Sonulab\.claude\worktrees\modulation-block\tests\Namager.App.Tests\IrListViewModelTests.cs(99,38): warning xUnit1031: Test methods should not use blocking task operations, as they can cause deadlocks. Use an async test method and await instead. (https://xunit.net/xunit.analyzers/rules/xUnit1031) [C:\Development\Namager\Namager.Sonulab\.claude\worktrees\modulation-block\tests\Namager.App.Tests\Namager.App.Tests.csproj]
C:\Development\Namager\Namager.Sonulab\.claude\worktrees\modulation-block\tests\Namager.App.Tests\Tone3000ViewModelTests.cs(228,50): warning CA1416: This call site is reachable on all platforms. 'T3kModel' is only supported on: 'windows'. (https://learn.microsoft.com/dotnet/fundamentals/code-analysis/quality-rules/ca1416) [C:\Development\Namager\Namager.Sonulab\.claude\worktrees\modulation-block\tests\Namager.App.Tests\Namager.App.Tests.csproj]
C:\Development\Namager\Namager.Sonulab\.claude\worktrees\modulation-block\tests\Namager.App.Tests\Tone3000ViewModelTests.cs(223,19): warning CA1416: This call site is reachable on all platforms. 'T3kToneAuthor' is only supported on: 'windows'. (https://learn.microsoft.com/dotnet/fundamentals/code-analysis/quality-rules/ca1416) [C:\Development\Namager\Namager.Sonulab\.claude\worktrees\modulation-block\tests\Namager.App.Tests\Namager.App.Tests.csproj]
C:\Development\Namager\Namager.Sonulab\.claude\worktrees\modulation-block\tests\Namager.App.Tests\Tone3000ViewModelTests.cs(228,15): warning CA1416: This call site is reachable on all platforms. 'T3kModel?' is only supported on: 'windows'. (https://learn.microsoft.com/dotnet/fundamentals/code-analysis/quality-rules/ca1416) [C:\Development\Namager\Namager.Sonulab\.claude\worktrees\modulation-block\tests\Namager.App.Tests\Namager.App.Tests.csproj]
C:\Development\Namager\Namager.Sonulab\.claude\worktrees\modulation-block\tests\Namager.App.Tests\Tone3000ViewModelTests.cs(221,23): warning CA1416: This call site is reachable on all platforms. 'T3kTone' is only supported on: 'windows'. (https://learn.microsoft.com/dotnet/fundamentals/code-analysis/quality-rules/ca1416) [C:\Development\Namager\Namager.Sonulab\.claude\worktrees\modulation-block\tests\Namager.App.Tests\Namager.App.Tests.csproj]
C:\Development\Namager\Namager.Sonulab\.claude\worktrees\modulation-block\tests\Namager.App.Tests\Tone3000ViewModelTests.cs(86,41): warning CA1416: This call site is reachable on all platforms. 'T3kTone' is only supported on: 'windows'. (https://learn.microsoft.com/dotnet/fundamentals/code-analysis/quality-rules/ca1416) [C:\Development\Namager\Namager.Sonulab\.claude\worktrees\modulation-block\tests\Namager.App.Tests\Namager.App.Tests.csproj]
C:\Development\Namager\Namager.Sonulab\.claude\worktrees\modulation-block\tests\Namager.App.Tests\Tone3000ViewModelTests.cs(86,41): warning CA1416: This call site is reachable on all platforms. 'T3kPage<T3kTone>' is only supported on: 'windows'. (https://learn.microsoft.com/dotnet/fundamentals/code-analysis/quality-rules/ca1416) [C:\Development\Namager\Namager.Sonulab\.claude\worktrees\modulation-block\tests\Namager.App.Tests\Namager.App.Tests.csproj]
C:\Development\Namager\Namager.Sonulab\.claude\worktrees\modulation-block\tests\Namager.App.Tests\Tone3000ViewModelTests.cs(87,84): warning CA1416: This call site is reachable on all platforms. 'T3kToneAuthor' is only supported on: 'windows'. (https://learn.microsoft.com/dotnet/fundamentals/code-analysis/quality-rules/ca1416) [C:\Development\Namager\Namager.Sonulab\.claude\worktrees\modulation-block\tests\Namager.App.Tests\Namager.App.Tests.csproj]
C:\Development\Namager\Namager.Sonulab\.claude\worktrees\modulation-block\tests\Namager.App.Tests\Tone3000ViewModelTests.cs(87,21): warning CA1416: This call site is reachable on all platforms. 'T3kTone' is only supported on: 'windows'. (https://learn.microsoft.com/dotnet/fundamentals/code-analysis/quality-rules/ca1416) [C:\Development\Namager\Namager.Sonulab\.claude\worktrees\modulation-block\tests\Namager.App.Tests\Namager.App.Tests.csproj]
C:\Development\Namager\Namager.Sonulab\.claude\worktrees\modulation-block\tests\Namager.App.Tests\PresetUsageServiceTests.cs(59,9): warning xUnit2031: Do not use a Where clause to filter before calling Assert.Single. Use the overload of Assert.Single that accepts a filtering function. (https://xunit.net/xunit.analyzers/rules/xUnit2031) [C:\Development\Namager\Namager.Sonulab\.claude\worktrees\modulation-block\tests\Namager.App.Tests\Namager.App.Tests.csproj]
C:\Development\Namager\Namager.Sonulab\.claude\worktrees\modulation-block\tests\Namager.App.Tests\PresetListViewModelTests.cs(60,38): warning xUnit1031: Test methods should not use blocking task operations, as they can cause deadlocks. Use an async test method and await instead. (https://xunit.net/xunit.analyzers/rules/xUnit1031) [C:\Development\Namager\Namager.Sonulab\.claude\worktrees\modulation-block\tests\Namager.App.Tests\Namager.App.Tests.csproj]
C:\Development\Namager\Namager.Sonulab\.claude\worktrees\modulation-block\tests\Namager.App.Tests\PresetListViewModelTests.cs(77,38): warning xUnit1031: Test methods should not use blocking task operations, as they can cause deadlocks. Use an async test method and await instead. (https://xunit.net/xunit.analyzers/rules/xUnit1031) [C:\Development\Namager\Namager.Sonulab\.claude\worktrees\modulation-block\tests\Namager.App.Tests\Namager.App.Tests.csproj]
C:\Development\Namager\Namager.Sonulab\.claude\worktrees\modulation-block\tests\Namager.App.Tests\Tone3000ViewModelTests.cs(259,50): warning CA1416: This call site is reachable on all platforms. 'T3kModel' is only supported on: 'windows'. (https://learn.microsoft.com/dotnet/fundamentals/code-analysis/quality-rules/ca1416) [C:\Development\Namager\Namager.Sonulab\.claude\worktrees\modulation-block\tests\Namager.App.Tests\Namager.App.Tests.csproj]
C:\Development\Namager\Namager.Sonulab\.claude\worktrees\modulation-block\tests\Namager.App.Tests\Tone3000ViewModelTests.cs(248,19): warning CA1416: This call site is reachable on all platforms. 'T3kToneAuthor' is only supported on: 'windows'. (https://learn.microsoft.com/dotnet/fundamentals/code-analysis/quality-rules/ca1416) [C:\Development\Namager\Namager.Sonulab\.claude\worktrees\modulation-block\tests\Namager.App.Tests\Namager.App.Tests.csproj]
C:\Development\Namager\Namager.Sonulab\.claude\worktrees\modulation-block\tests\Namager.App.Tests\Tone3000ViewModelTests.cs(259,15): warning CA1416: This call site is reachable on all platforms. 'T3kModel?' is only supported on: 'windows'. (https://learn.microsoft.com/dotnet/fundamentals/code-analysis/quality-rules/ca1416) [C:\Development\Namager\Namager.Sonulab\.claude\worktrees\modulation-block\tests\Namager.App.Tests\Namager.App.Tests.csproj]
C:\Development\Namager\Namager.Sonulab\.claude\worktrees\modulation-block\tests\Namager.App.Tests\Tone3000ViewModelTests.cs(249,26): warning CA1416: This call site is reachable on all platforms. 'T3kTone' is only supported on: 'windows'. (https://learn.microsoft.com/dotnet/fundamentals/code-analysis/quality-rules/ca1416) [C:\Development\Namager\Namager.Sonulab\.claude\worktrees\modulation-block\tests\Namager.App.Tests\Namager.App.Tests.csproj]
C:\Development\Namager\Namager.Sonulab\.claude\worktrees\modulation-block\tests\Namager.App.Tests\Tone3000ViewModelTests.cs(246,24): warning CA1416: This call site is reachable on all platforms. 'T3kTone' is only supported on: 'windows'. (https://learn.microsoft.com/dotnet/fundamentals/code-analysis/quality-rules/ca1416) [C:\Development\Namager\Namager.Sonulab\.claude\worktrees\modulation-block\tests\Namager.App.Tests\Namager.App.Tests.csproj]
C:\Development\Namager\Namager.Sonulab\.claude\worktrees\modulation-block\tests\Namager.App.Tests\Tone3000ViewModelTests.cs(262,9): warning CA1416: This call site is reachable on all platforms. 'T3kTone' is only supported on: 'windows'. (https://learn.microsoft.com/dotnet/fundamentals/code-analysis/quality-rules/ca1416) [C:\Development\Namager\Namager.Sonulab\.claude\worktrees\modulation-block\tests\Namager.App.Tests\Namager.App.Tests.csproj]
C:\Development\Namager\Namager.Sonulab\.claude\worktrees\modulation-block\tests\Namager.App.Tests\Tone3000ViewModelTests.cs(251,19): warning CA1416: This call site is reachable on all platforms. 'T3kToneAuthor' is only supported on: 'windows'. (https://learn.microsoft.com/dotnet/fundamentals/code-analysis/quality-rules/ca1416) [C:\Development\Namager\Namager.Sonulab\.claude\worktrees\modulation-block\tests\Namager.App.Tests\Namager.App.Tests.csproj]
C:\Development\Namager\Namager.Sonulab\.claude\worktrees\modulation-block\tests\Namager.App.Tests\Tone3000ViewModelTests.cs(287,27): warning CA1416: This call site is reachable on all platforms. 'T3kTone.Title' is only supported on: 'windows'. (https://learn.microsoft.com/dotnet/fundamentals/code-analysis/quality-rules/ca1416) [C:\Development\Namager\Namager.Sonulab\.claude\worktrees\modulation-block\tests\Namager.App.Tests\Namager.App.Tests.csproj]
C:\Development\Namager\Namager.Sonulab\.claude\worktrees\modulation-block\tests\Namager.App.Tests\Tone3000ViewModelTests.cs(280,9): warning CA1416: This call site is reachable on all platforms. 'T3kTone' is only supported on: 'windows'. (https://learn.microsoft.com/dotnet/fundamentals/code-analysis/quality-rules/ca1416) [C:\Development\Namager\Namager.Sonulab\.claude\worktrees\modulation-block\tests\Namager.App.Tests\Namager.App.Tests.csproj]
C:\Development\Namager\Namager.Sonulab\.claude\worktrees\modulation-block\tests\Namager.App.Tests\Tone3000ViewModelTests.cs(287,27): warning CA1416: This call site is reachable on all platforms. 'T3kTone' is only supported on: 'windows'. (https://learn.microsoft.com/dotnet/fundamentals/code-analysis/quality-rules/ca1416) [C:\Development\Namager\Namager.Sonulab\.claude\worktrees\modulation-block\tests\Namager.App.Tests\Namager.App.Tests.csproj]
C:\Development\Namager\Namager.Sonulab\.claude\worktrees\modulation-block\tests\Namager.App.Tests\Tone3000ViewModelTests.cs(281,27): warning CA1416: This call site is reachable on all platforms. 'T3kTone' is only supported on: 'windows'. (https://learn.microsoft.com/dotnet/fundamentals/code-analysis/quality-rules/ca1416) [C:\Development\Namager\Namager.Sonulab\.claude\worktrees\modulation-block\tests\Namager.App.Tests\Namager.App.Tests.csproj]
C:\Development\Namager\Namager.Sonulab\.claude\worktrees\modulation-block\tests\Namager.App.Tests\Tone3000ViewModelTests.cs(281,27): warning CA1416: This call site is reachable on all platforms. 'T3kTone.Title' is only supported on: 'windows'. (https://learn.microsoft.com/dotnet/fundamentals/code-analysis/quality-rules/ca1416) [C:\Development\Namager\Namager.Sonulab\.claude\worktrees\modulation-block\tests\Namager.App.Tests\Namager.App.Tests.csproj]
C:\Development\Namager\Namager.Sonulab\.claude\worktrees\modulation-block\tests\Namager.App.Tests\Tone3000ViewModelTests.cs(286,9): warning CA1416: This call site is reachable on all platforms. 'T3kTone' is only supported on: 'windows'. (https://learn.microsoft.com/dotnet/fundamentals/code-analysis/quality-rules/ca1416) [C:\Development\Namager\Namager.Sonulab\.claude\worktrees\modulation-block\tests\Namager.App.Tests\Namager.App.Tests.csproj]
C:\Development\Namager\Namager.Sonulab\.claude\worktrees\modulation-block\tests\Namager.App.Tests\Tone3000ViewModelTests.cs(296,88): warning CA1416: This call site is reachable on all platforms. 'T3kError.Auth' is only supported on: 'windows'. (https://learn.microsoft.com/dotnet/fundamentals/code-analysis/quality-rules/ca1416) [C:\Development\Namager\Namager.Sonulab\.claude\worktrees\modulation-block\tests\Namager.App.Tests\Namager.App.Tests.csproj]
C:\Development\Namager\Namager.Sonulab\.claude\worktrees\modulation-block\tests\Namager.App.Tests\Tone3000ViewModelTests.cs(296,21): warning CA1416: This call site is reachable on all platforms. 'T3kException' is only supported on: 'windows'. (https://learn.microsoft.com/dotnet/fundamentals/code-analysis/quality-rules/ca1416) [C:\Development\Namager\Namager.Sonulab\.claude\worktrees\modulation-block\tests\Namager.App.Tests\Namager.App.Tests.csproj]
C:\Development\Namager\Namager.Sonulab\.claude\worktrees\modulation-block\tests\Namager.App.Tests\Tone3000ViewModelTests.cs(313,23): warning CA1416: This call site is reachable on all platforms. 'T3kTone' is only supported on: 'windows'. (https://learn.microsoft.com/dotnet/fundamentals/code-analysis/quality-rules/ca1416) [C:\Development\Namager\Namager.Sonulab\.claude\worktrees\modulation-block\tests\Namager.App.Tests\Namager.App.Tests.csproj]
C:\Development\Namager\Namager.Sonulab\.claude\worktrees\modulation-block\tests\Namager.App.Tests\Tone3000ViewModelTests.cs(314,80): warning CA1416: This call site is reachable on all platforms. 'T3kToneAuthor' is only supported on: 'windows'. (https://learn.microsoft.com/dotnet/fundamentals/code-analysis/quality-rules/ca1416) [C:\Development\Namager\Namager.Sonulab\.claude\worktrees\modulation-block\tests\Namager.App.Tests\Namager.App.Tests.csproj]
C:\Development\Namager\Namager.Sonulab\.claude\worktrees\modulation-block\tests\Namager.App.Tests\PresetUsageServiceTests.cs(116,38): warning xUnit1031: Test methods should not use blocking task operations, as they can cause deadlocks. Use an async test method and await instead. (https://xunit.net/xunit.analyzers/rules/xUnit1031) [C:\Development\Namager\Namager.Sonulab\.claude\worktrees\modulation-block\tests\Namager.App.Tests\Namager.App.Tests.csproj]
C:\Development\Namager\Namager.Sonulab\.claude\worktrees\modulation-block\tests\Namager.App.Tests\Tone3000ViewModelTests.cs(341,50): warning CA1416: This call site is reachable on all platforms. 'T3kModel' is only supported on: 'windows'. (https://learn.microsoft.com/dotnet/fundamentals/code-analysis/quality-rules/ca1416) [C:\Development\Namager\Namager.Sonulab\.claude\worktrees\modulation-block\tests\Namager.App.Tests\Namager.App.Tests.csproj]
C:\Development\Namager\Namager.Sonulab\.claude\worktrees\modulation-block\tests\Namager.App.Tests\Tone3000ViewModelTests.cs(341,15): warning CA1416: This call site is reachable on all platforms. 'T3kModel?' is only supported on: 'windows'. (https://learn.microsoft.com/dotnet/fundamentals/code-analysis/quality-rules/ca1416) [C:\Development\Namager\Namager.Sonulab\.claude\worktrees\modulation-block\tests\Namager.App.Tests\Namager.App.Tests.csproj]
C:\Development\Namager\Namager.Sonulab\.claude\worktrees\modulation-block\tests\Namager.App.Tests\Tone3000ViewModelTests.cs(326,15): warning CA1416: This call site is reachable on all platforms. 'T3kModel?' is only supported on: 'windows'. (https://learn.microsoft.com/dotnet/fundamentals/code-analysis/quality-rules/ca1416) [C:\Development\Namager\Namager.Sonulab\.claude\worktrees\modulation-block\tests\Namager.App.Tests\Namager.App.Tests.csproj]
C:\Development\Namager\Namager.Sonulab\.claude\worktrees\modulation-block\tests\Namager.App.Tests\Tone3000ViewModelTests.cs(326,50): warning CA1416: This call site is reachable on all platforms. 'T3kModel' is only supported on: 'windows'. (https://learn.microsoft.com/dotnet/fundamentals/code-analysis/quality-rules/ca1416) [C:\Development\Namager\Namager.Sonulab\.claude\worktrees\modulation-block\tests\Namager.App.Tests\Namager.App.Tests.csproj]
C:\Development\Namager\Namager.Sonulab\.claude\worktrees\modulation-block\tests\Namager.App.Tests\PresetUsageServiceTests.cs(134,38): warning xUnit1031: Test methods should not use blocking task operations, as they can cause deadlocks. Use an async test method and await instead. (https://xunit.net/xunit.analyzers/rules/xUnit1031) [C:\Development\Namager\Namager.Sonulab\.claude\worktrees\modulation-block\tests\Namager.App.Tests\Namager.App.Tests.csproj]
C:\Development\Namager\Namager.Sonulab\.claude\worktrees\modulation-block\tests\Namager.App.Tests\Tone3000ViewModelTests.cs(353,50): warning CA1416: This call site is reachable on all platforms. 'T3kModel' is only supported on: 'windows'. (https://learn.microsoft.com/dotnet/fundamentals/code-analysis/quality-rules/ca1416) [C:\Development\Namager\Namager.Sonulab\.claude\worktrees\modulation-block\tests\Namager.App.Tests\Namager.App.Tests.csproj]
C:\Development\Namager\Namager.Sonulab\.claude\worktrees\modulation-block\tests\Namager.App.Tests\Tone3000ViewModelTests.cs(353,15): warning CA1416: This call site is reachable on all platforms. 'T3kModel?' is only supported on: 'windows'. (https://learn.microsoft.com/dotnet/fundamentals/code-analysis/quality-rules/ca1416) [C:\Development\Namager\Namager.Sonulab\.claude\worktrees\modulation-block\tests\Namager.App.Tests\Namager.App.Tests.csproj]
C:\Development\Namager\Namager.Sonulab\.claude\worktrees\modulation-block\tests\Namager.App.Tests\IrIndexTests.cs(71,13): warning xUnit2013: Do not use Assert.Equal() to check for collection size. Use Assert.Single instead. (https://xunit.net/xunit.analyzers/rules/xUnit2013) [C:\Development\Namager\Namager.Sonulab\.claude\worktrees\modulation-block\tests\Namager.App.Tests\Namager.App.Tests.csproj]
C:\Development\Namager\Namager.Sonulab\.claude\worktrees\modulation-block\tests\Namager.App.Tests\Tone3000ViewModelTests.cs(361,122): warning CA1416: This call site is reachable on all platforms. 'T3kError.RateLimited' is only supported on: 'windows'. (https://learn.microsoft.com/dotnet/fundamentals/code-analysis/quality-rules/ca1416) [C:\Development\Namager\Namager.Sonulab\.claude\worktrees\modulation-block\tests\Namager.App.Tests\Namager.App.Tests.csproj]
C:\Development\Namager\Namager.Sonulab\.claude\worktrees\modulation-block\tests\Namager.App.Tests\Tone3000ViewModelTests.cs(361,47): warning CA1416: This call site is reachable on all platforms. 'T3kException' is only supported on: 'windows'. (https://learn.microsoft.com/dotnet/fundamentals/code-analysis/quality-rules/ca1416) [C:\Development\Namager\Namager.Sonulab\.claude\worktrees\modulation-block\tests\Namager.App.Tests\Namager.App.Tests.csproj]
C:\Development\Namager\Namager.Sonulab\.claude\worktrees\modulation-block\tests\Namager.App.Tests\IrIndexTests.cs(139,13): warning xUnit2013: Do not use Assert.Equal() to check for collection size. Use Assert.Single instead. (https://xunit.net/xunit.analyzers/rules/xUnit2013) [C:\Development\Namager\Namager.Sonulab\.claude\worktrees\modulation-block\tests\Namager.App.Tests\Namager.App.Tests.csproj]
C:\Development\Namager\Namager.Sonulab\.claude\worktrees\modulation-block\tests\Namager.App.Tests\IrListViewModelTests.cs(148,38): warning xUnit1031: Test methods should not use blocking task operations, as they can cause deadlocks. Use an async test method and await instead. (https://xunit.net/xunit.analyzers/rules/xUnit1031) [C:\Development\Namager\Namager.Sonulab\.claude\worktrees\modulation-block\tests\Namager.App.Tests\Namager.App.Tests.csproj]
C:\Development\Namager\Namager.Sonulab\.claude\worktrees\modulation-block\tests\Namager.App.Tests\Tone3000ViewModelTests.cs(373,50): warning CA1416: This call site is reachable on all platforms. 'T3kTone' is only supported on: 'windows'. (https://learn.microsoft.com/dotnet/fundamentals/code-analysis/quality-rules/ca1416) [C:\Development\Namager\Namager.Sonulab\.claude\worktrees\modulation-block\tests\Namager.App.Tests\Namager.App.Tests.csproj]
C:\Development\Namager\Namager.Sonulab\.claude\worktrees\modulation-block\tests\Namager.App.Tests\Tone3000ViewModelTests.cs(373,50): warning CA1416: This call site is reachable on all platforms. 'T3kPage<T3kTone>.Empty' is only supported on: 'windows'. (https://learn.microsoft.com/dotnet/fundamentals/code-analysis/quality-rules/ca1416) [C:\Development\Namager\Namager.Sonulab\.claude\worktrees\modulation-block\tests\Namager.App.Tests\Namager.App.Tests.csproj]
C:\Development\Namager\Namager.Sonulab\.claude\worktrees\modulation-block\tests\Namager.App.Tests\Tone3000ViewModelTests.cs(38,100): warning CA1416: This call site is reachable on all platforms. 'T3kTone' is only supported on: 'windows'. (https://learn.microsoft.com/dotnet/fundamentals/code-analysis/quality-rules/ca1416) [C:\Development\Namager\Namager.Sonulab\.claude\worktrees\modulation-block\tests\Namager.App.Tests\Namager.App.Tests.csproj]
C:\Development\Namager\Namager.Sonulab\.claude\worktrees\modulation-block\tests\Namager.App.Tests\Tone3000ViewModelTests.cs(38,100): warning CA1416: This call site is reachable on all platforms. 'T3kPage<T3kTone>' is only supported on: 'windows'. (https://learn.microsoft.com/dotnet/fundamentals/code-analysis/quality-rules/ca1416) [C:\Development\Namager\Namager.Sonulab\.claude\worktrees\modulation-block\tests\Namager.App.Tests\Namager.App.Tests.csproj]
C:\Development\Namager\Namager.Sonulab\.claude\worktrees\modulation-block\tests\Namager.App.Tests\Tone3000ViewModelTests.cs(37,99): warning CA1416: This call site is reachable on all platforms. 'T3kTone' is only supported on: 'windows'. (https://learn.microsoft.com/dotnet/fundamentals/code-analysis/quality-rules/ca1416) [C:\Development\Namager\Namager.Sonulab\.claude\worktrees\modulation-block\tests\Namager.App.Tests\Namager.App.Tests.csproj]
C:\Development\Namager\Namager.Sonulab\.claude\worktrees\modulation-block\tests\Namager.App.Tests\Tone3000ViewModelTests.cs(37,99): warning CA1416: This call site is reachable on all platforms. 'T3kPage<T3kTone>' is only supported on: 'windows'. (https://learn.microsoft.com/dotnet/fundamentals/code-analysis/quality-rules/ca1416) [C:\Development\Namager\Namager.Sonulab\.claude\worktrees\modulation-block\tests\Namager.App.Tests\Namager.App.Tests.csproj]
C:\Development\Namager\Namager.Sonulab\.claude\worktrees\modulation-block\tests\Namager.App.Tests\Tone3000ViewModelTests.cs(36,91): warning CA1416: This call site is reachable on all platforms. 'T3kTone' is only supported on: 'windows'. (https://learn.microsoft.com/dotnet/fundamentals/code-analysis/quality-rules/ca1416) [C:\Development\Namager\Namager.Sonulab\.claude\worktrees\modulation-block\tests\Namager.App.Tests\Namager.App.Tests.csproj]
C:\Development\Namager\Namager.Sonulab\.claude\worktrees\modulation-block\tests\Namager.App.Tests\Tone3000ViewModelTests.cs(36,91): warning CA1416: This call site is reachable on all platforms. 'T3kPage<T3kTone>' is only supported on: 'windows'. (https://learn.microsoft.com/dotnet/fundamentals/code-analysis/quality-rules/ca1416) [C:\Development\Namager\Namager.Sonulab\.claude\worktrees\modulation-block\tests\Namager.App.Tests\Namager.App.Tests.csproj]
C:\Development\Namager\Namager.Sonulab\.claude\worktrees\modulation-block\tests\Namager.App.Tests\Tone3000ViewModelTests.cs(46,75): warning CA1416: This call site is reachable on all platforms. 'T3kTone' is only supported on: 'windows'. (https://learn.microsoft.com/dotnet/fundamentals/code-analysis/quality-rules/ca1416) [C:\Development\Namager\Namager.Sonulab\.claude\worktrees\modulation-block\tests\Namager.App.Tests\Namager.App.Tests.csproj]
C:\Development\Namager\Namager.Sonulab\.claude\worktrees\modulation-block\tests\Namager.App.Tests\Tone3000ViewModelTests.cs(46,40): warning CA1416: This call site is reachable on all platforms. 'T3kTone?' is only supported on: 'windows'. (https://learn.microsoft.com/dotnet/fundamentals/code-analysis/quality-rules/ca1416) [C:\Development\Namager\Namager.Sonulab\.claude\worktrees\modulation-block\tests\Namager.App.Tests\Namager.App.Tests.csproj]
C:\Development\Namager\Namager.Sonulab\.claude\worktrees\modulation-block\tests\Namager.App.Tests\Tone3000ViewModelTests.cs(46,75): warning CA1416: This call site is reachable on all platforms. 'T3kTone' is only supported on: 'windows'. (https://learn.microsoft.com/dotnet/fundamentals/code-analysis/quality-rules/ca1416) [C:\Development\Namager\Namager.Sonulab\.claude\worktrees\modulation-block\tests\Namager.App.Tests\Namager.App.Tests.csproj]
C:\Development\Namager\Namager.Sonulab\.claude\worktrees\modulation-block\tests\Namager.App.Tests\Tone3000ViewModelTests.cs(46,75): warning CA1416: This call site is reachable on all platforms. 'T3kPage<T3kTone>.Data' is only supported on: 'windows'. (https://learn.microsoft.com/dotnet/fundamentals/code-analysis/quality-rules/ca1416) [C:\Development\Namager\Namager.Sonulab\.claude\worktrees\modulation-block\tests\Namager.App.Tests\Namager.App.Tests.csproj]
C:\Development\Namager\Namager.Sonulab\.claude\worktrees\modulation-block\tests\Namager.App.Tests\IrListViewModelTests.cs(162,38): warning xUnit1031: Test methods should not use blocking task operations, as they can cause deadlocks. Use an async test method and await instead. (https://xunit.net/xunit.analyzers/rules/xUnit1031) [C:\Development\Namager\Namager.Sonulab\.claude\worktrees\modulation-block\tests\Namager.App.Tests\Namager.App.Tests.csproj]
C:\Development\Namager\Namager.Sonulab\.claude\worktrees\modulation-block\tests\Namager.App.Tests\Tone3000ViewModelTests.cs(392,9): warning CA1416: This call site is reachable on all platforms. 'T3kTone' is only supported on: 'windows'. (https://learn.microsoft.com/dotnet/fundamentals/code-analysis/quality-rules/ca1416) [C:\Development\Namager\Namager.Sonulab\.claude\worktrees\modulation-block\tests\Namager.App.Tests\Namager.App.Tests.csproj]
C:\Development\Namager\Namager.Sonulab\.claude\worktrees\modulation-block\tests\Namager.App.Tests\Tone3000ViewModelTests.cs(393,21): warning CA1416: This call site is reachable on all platforms. 'T3kTone' is only supported on: 'windows'. (https://learn.microsoft.com/dotnet/fundamentals/code-analysis/quality-rules/ca1416) [C:\Development\Namager\Namager.Sonulab\.claude\worktrees\modulation-block\tests\Namager.App.Tests\Namager.App.Tests.csproj]
C:\Development\Namager\Namager.Sonulab\.claude\worktrees\modulation-block\tests\Namager.App.Tests\Tone3000ViewModelTests.cs(395,9): warning CA1416: This call site is reachable on all platforms. 'T3kModel' is only supported on: 'windows'. (https://learn.microsoft.com/dotnet/fundamentals/code-analysis/quality-rules/ca1416) [C:\Development\Namager\Namager.Sonulab\.claude\worktrees\modulation-block\tests\Namager.App.Tests\Namager.App.Tests.csproj]
C:\Development\Namager\Namager.Sonulab\.claude\worktrees\modulation-block\tests\Namager.App.Tests\Tone3000ViewModelTests.cs(54,57): warning CA1416: This call site is reachable on all platforms. 'T3kUser' is only supported on: 'windows'. (https://learn.microsoft.com/dotnet/fundamentals/code-analysis/quality-rules/ca1416) [C:\Development\Namager\Namager.Sonulab\.claude\worktrees\modulation-block\tests\Namager.App.Tests\Namager.App.Tests.csproj]
C:\Development\Namager\Namager.Sonulab\.claude\worktrees\modulation-block\tests\Namager.App.Tests\Tone3000ViewModelTests.cs(54,31): warning CA1416: This call site is reachable on all platforms. 'T3kUser?' is only supported on: 'windows'. (https://learn.microsoft.com/dotnet/fundamentals/code-analysis/quality-rules/ca1416) [C:\Development\Namager\Namager.Sonulab\.claude\worktrees\modulation-block\tests\Namager.App.Tests\Namager.App.Tests.csproj]
C:\Development\Namager\Namager.Sonulab\.claude\worktrees\modulation-block\tests\Namager.App.Tests\Tone3000ViewModelTests.cs(411,9): warning CA1416: This call site is reachable on all platforms. 'T3kTone' is only supported on: 'windows'. (https://learn.microsoft.com/dotnet/fundamentals/code-analysis/quality-rules/ca1416) [C:\Development\Namager\Namager.Sonulab\.claude\worktrees\modulation-block\tests\Namager.App.Tests\Namager.App.Tests.csproj]
C:\Development\Namager\Namager.Sonulab\.claude\worktrees\modulation-block\tests\Namager.App.Tests\Tone3000ViewModelTests.cs(94,99): warning CA1416: This call site is reachable on all platforms. 'T3kTone' is only supported on: 'windows'. (https://learn.microsoft.com/dotnet/fundamentals/code-analysis/quality-rules/ca1416) [C:\Development\Namager\Namager.Sonulab\.claude\worktrees\modulation-block\tests\Namager.App.Tests\Namager.App.Tests.csproj]
C:\Development\Namager\Namager.Sonulab\.claude\worktrees\modulation-block\tests\Namager.App.Tests\Tone3000ViewModelTests.cs(94,99): warning CA1416: This call site is reachable on all platforms. 'T3kPage<T3kTone>' is only supported on: 'windows'. (https://learn.microsoft.com/dotnet/fundamentals/code-analysis/quality-rules/ca1416) [C:\Development\Namager\Namager.Sonulab\.claude\worktrees\modulation-block\tests\Namager.App.Tests\Namager.App.Tests.csproj]
C:\Development\Namager\Namager.Sonulab\.claude\worktrees\modulation-block\tests\Namager.App.Tests\Tone3000ViewModelTests.cs(96,88): warning CA1416: This call site is reachable on all platforms. 'T3kTone?' is only supported on: 'windows'. (https://learn.microsoft.com/dotnet/fundamentals/code-analysis/quality-rules/ca1416) [C:\Development\Namager\Namager.Sonulab\.claude\worktrees\modulation-block\tests\Namager.App.Tests\Namager.App.Tests.csproj]
C:\Development\Namager\Namager.Sonulab\.claude\worktrees\modulation-block\tests\Namager.App.Tests\Tone3000ViewModelTests.cs(98,13): warning CA1416: This call site is reachable on all platforms. 'T3kModel' is only supported on: 'windows'. (https://learn.microsoft.com/dotnet/fundamentals/code-analysis/quality-rules/ca1416) [C:\Development\Namager\Namager.Sonulab\.claude\worktrees\modulation-block\tests\Namager.App.Tests\Namager.App.Tests.csproj]
C:\Development\Namager\Namager.Sonulab\.claude\worktrees\modulation-block\tests\Namager.App.Tests\Tone3000ViewModelTests.cs(98,54): warning CA1416: This call site is reachable on all platforms. 'T3kModel' is only supported on: 'windows'. (https://learn.microsoft.com/dotnet/fundamentals/code-analysis/quality-rules/ca1416) [C:\Development\Namager\Namager.Sonulab\.claude\worktrees\modulation-block\tests\Namager.App.Tests\Namager.App.Tests.csproj]
C:\Development\Namager\Namager.Sonulab\.claude\worktrees\modulation-block\tests\Namager.App.Tests\Tone3000ViewModelTests.cs(99,79): warning CA1416: This call site is reachable on all platforms. 'T3kUser?' is only supported on: 'windows'. (https://learn.microsoft.com/dotnet/fundamentals/code-analysis/quality-rules/ca1416) [C:\Development\Namager\Namager.Sonulab\.claude\worktrees\modulation-block\tests\Namager.App.Tests\Namager.App.Tests.csproj]
C:\Development\Namager\Namager.Sonulab\.claude\worktrees\modulation-block\tests\Namager.App.Tests\Tone3000ViewModelTests.cs(95,100): warning CA1416: This call site is reachable on all platforms. 'T3kTone' is only supported on: 'windows'. (https://learn.microsoft.com/dotnet/fundamentals/code-analysis/quality-rules/ca1416) [C:\Development\Namager\Namager.Sonulab\.claude\worktrees\modulation-block\tests\Namager.App.Tests\Namager.App.Tests.csproj]
C:\Development\Namager\Namager.Sonulab\.claude\worktrees\modulation-block\tests\Namager.App.Tests\Tone3000ViewModelTests.cs(95,100): warning CA1416: This call site is reachable on all platforms. 'T3kPage<T3kTone>' is only supported on: 'windows'. (https://learn.microsoft.com/dotnet/fundamentals/code-analysis/quality-rules/ca1416) [C:\Development\Namager\Namager.Sonulab\.claude\worktrees\modulation-block\tests\Namager.App.Tests\Namager.App.Tests.csproj]
C:\Development\Namager\Namager.Sonulab\.claude\worktrees\modulation-block\tests\Namager.App.Tests\Tone3000ViewModelTests.cs(456,9): warning CA1416: This call site is reachable on all platforms. 'T3kTone' is only supported on: 'windows'. (https://learn.microsoft.com/dotnet/fundamentals/code-analysis/quality-rules/ca1416) [C:\Development\Namager\Namager.Sonulab\.claude\worktrees\modulation-block\tests\Namager.App.Tests\Namager.App.Tests.csproj]
C:\Development\Namager\Namager.Sonulab\.claude\worktrees\modulation-block\tests\Namager.App.Tests\Tone3000ViewModelTests.cs(456,74): warning CA1416: This call site is reachable on all platforms. 'T3kToneAuthor' is only supported on: 'windows'. (https://learn.microsoft.com/dotnet/fundamentals/code-analysis/quality-rules/ca1416) [C:\Development\Namager\Namager.Sonulab\.claude\worktrees\modulation-block\tests\Namager.App.Tests\Namager.App.Tests.csproj]
C:\Development\Namager\Namager.Sonulab\.claude\worktrees\modulation-block\tests\Namager.App.Tests\Tone3000ViewModelTests.cs(458,51): warning CA1416: This call site is reachable on all platforms. 'T3kModel' is only supported on: 'windows'. (https://learn.microsoft.com/dotnet/fundamentals/code-analysis/quality-rules/ca1416) [C:\Development\Namager\Namager.Sonulab\.claude\worktrees\modulation-block\tests\Namager.App.Tests\Namager.App.Tests.csproj]
C:\Development\Namager\Namager.Sonulab\.claude\worktrees\modulation-block\tests\Namager.App.Tests\AmpListViewModelTests.cs(111,38): warning xUnit1031: Test methods should not use blocking task operations, as they can cause deadlocks. Use an async test method and await instead. (https://xunit.net/xunit.analyzers/rules/xUnit1031) [C:\Development\Namager\Namager.Sonulab\.claude\worktrees\modulation-block\tests\Namager.App.Tests\Namager.App.Tests.csproj]
C:\Development\Namager\Namager.Sonulab\.claude\worktrees\modulation-block\tests\Namager.App.Tests\Tone3000ViewModelTests.cs(476,56): warning CA1416: This call site is reachable on all platforms. 'T3kModel' is only supported on: 'windows'. (https://learn.microsoft.com/dotnet/fundamentals/code-analysis/quality-rules/ca1416) [C:\Development\Namager\Namager.Sonulab\.claude\worktrees\modulation-block\tests\Namager.App.Tests\Namager.App.Tests.csproj]
C:\Development\Namager\Namager.Sonulab\.claude\worktrees\modulation-block\tests\Namager.App.Tests\Tone3000ViewModelTests.cs(51,55): warning CA1416: This call site is reachable on all platforms. 'T3kModel' is only supported on: 'windows'. (https://learn.microsoft.com/dotnet/fundamentals/code-analysis/quality-rules/ca1416) [C:\Development\Namager\Namager.Sonulab\.claude\worktrees\modulation-block\tests\Namager.App.Tests\Namager.App.Tests.csproj]
C:\Development\Namager\Namager.Sonulab\.claude\worktrees\modulation-block\tests\Namager.App.Tests\Tone3000ViewModelTests.cs(51,13): warning CA1416: This call site is reachable on all platforms. 'T3kModel' is only supported on: 'windows'. (https://learn.microsoft.com/dotnet/fundamentals/code-analysis/quality-rules/ca1416) [C:\Development\Namager\Namager.Sonulab\.claude\worktrees\modulation-block\tests\Namager.App.Tests\Namager.App.Tests.csproj]
C:\Development\Namager\Namager.Sonulab\.claude\worktrees\modulation-block\tests\Namager.App.Tests\Tone3000ViewModelTests.cs(501,21): warning CA1416: This call site is reachable on all platforms. 'T3kModel' is only supported on: 'windows'. (https://learn.microsoft.com/dotnet/fundamentals/code-analysis/quality-rules/ca1416) [C:\Development\Namager\Namager.Sonulab\.claude\worktrees\modulation-block\tests\Namager.App.Tests\Namager.App.Tests.csproj]
C:\Development\Namager\Namager.Sonulab\.claude\worktrees\modulation-block\tests\Namager.App.Tests\AmpListViewModelTests.cs(417,61): warning xUnit1031: Test methods should not use blocking task operations, as they can cause deadlocks. Use an async test method and await instead. (https://xunit.net/xunit.analyzers/rules/xUnit1031) [C:\Development\Namager\Namager.Sonulab\.claude\worktrees\modulation-block\tests\Namager.App.Tests\Namager.App.Tests.csproj]
C:\Development\Namager\Namager.Sonulab\.claude\worktrees\modulation-block\tests\Namager.App.Tests\Tone3000ViewModelTests.cs(470,21): warning CA1416: This call site is reachable on all platforms. 'T3kModel' is only supported on: 'windows'. (https://learn.microsoft.com/dotnet/fundamentals/code-analysis/quality-rules/ca1416) [C:\Development\Namager\Namager.Sonulab\.claude\worktrees\modulation-block\tests\Namager.App.Tests\Namager.App.Tests.csproj]
C:\Development\Namager\Namager.Sonulab\.claude\worktrees\modulation-block\tests\Namager.App.Tests\Tone3000ViewModelTests.cs(469,25): warning CA1416: This call site is reachable on all platforms. 'T3kModel' is only supported on: 'windows'. (https://learn.microsoft.com/dotnet/fundamentals/code-analysis/quality-rules/ca1416) [C:\Development\Namager\Namager.Sonulab\.claude\worktrees\modulation-block\tests\Namager.App.Tests\Namager.App.Tests.csproj]
C:\Development\Namager\Namager.Sonulab\.claude\worktrees\modulation-block\tests\Namager.App.Tests\AmpListViewModelTests.cs(473,38): warning xUnit1031: Test methods should not use blocking task operations, as they can cause deadlocks. Use an async test method and await instead. (https://xunit.net/xunit.analyzers/rules/xUnit1031) [C:\Development\Namager\Namager.Sonulab\.claude\worktrees\modulation-block\tests\Namager.App.Tests\Namager.App.Tests.csproj]
C:\Development\Namager\Namager.Sonulab\.claude\worktrees\modulation-block\tests\Namager.App.Tests\AmpListViewModelTests.cs(604,38): warning xUnit1031: Test methods should not use blocking task operations, as they can cause deadlocks. Use an async test method and await instead. (https://xunit.net/xunit.analyzers/rules/xUnit1031) [C:\Development\Namager\Namager.Sonulab\.claude\worktrees\modulation-block\tests\Namager.App.Tests\Namager.App.Tests.csproj]
C:\Development\Namager\Namager.Sonulab\.claude\worktrees\modulation-block\tests\Namager.App.Tests\AmpListViewModelTests.cs(662,38): warning xUnit1031: Test methods should not use blocking task operations, as they can cause deadlocks. Use an async test method and await instead. (https://xunit.net/xunit.analyzers/rules/xUnit1031) [C:\Development\Namager\Namager.Sonulab\.claude\worktrees\modulation-block\tests\Namager.App.Tests\Namager.App.Tests.csproj]
C:\Development\Namager\Namager.Sonulab\.claude\worktrees\modulation-block\tests\Namager.App.Tests\AmpListViewModelTests.cs(684,38): warning xUnit1031: Test methods should not use blocking task operations, as they can cause deadlocks. Use an async test method and await instead. (https://xunit.net/xunit.analyzers/rules/xUnit1031) [C:\Development\Namager\Namager.Sonulab\.claude\worktrees\modulation-block\tests\Namager.App.Tests\Namager.App.Tests.csproj]
C:\Development\Namager\Namager.Sonulab\.claude\worktrees\modulation-block\tests\Namager.App.Tests\ParameterEditorViewModelTests.cs(565,9): warning xUnit2030: Do not use Assert.NotEmpty to check if a value exists in a collection. Use Assert.Contains instead. (https://xunit.net/xunit.analyzers/rules/xUnit2030) [C:\Development\Namager\Namager.Sonulab\.claude\worktrees\modulation-block\tests\Namager.App.Tests\Namager.App.Tests.csproj]
C:\Development\Namager\Namager.Sonulab\.claude\worktrees\modulation-block\tests\Namager.App.Tests\ParameterEditorViewModelTests.cs(577,9): warning xUnit2030: Do not use Assert.NotEmpty to check if a value exists in a collection. Use Assert.Contains instead. (https://xunit.net/xunit.analyzers/rules/xUnit2030) [C:\Development\Namager\Namager.Sonulab\.claude\worktrees\modulation-block\tests\Namager.App.Tests\Namager.App.Tests.csproj]
